// Jest Snapshot v1, https://goo.gl/fbAQLP

exports[`Controls Controls component should match snapshot 1`] = `ShallowWrapper {}`;
