// Jest Snapshot v1, https://goo.gl/fbAQLP

exports[`App shallow render should match snapshot 1`] = `ShallowWrapper {}`;

exports[`App should match snapshot when fully mounted 1`] = `ReactWrapper {}`;
